
Memory Configuration

Name             Origin             Length             Attributes
FLASH            0x08000000         0x00080000         xr
SRAM             0x20000000         0x00020000         xrw
*default*        0x00000000         0xffffffff

Linker script and memory map

LOAD main.o
LOAD GPIO_Program.o
LOAD STM32F446_Startup.o

.text           0x08000000      0x66c
 *(.isr_vector)
 .isr_vector    0x08000000      0x1c4 STM32F446_Startup.o
                0x08000000                Vectors
 *(.text)
 .text          0x080001c4       0x3c main.o
                0x080001c4                main
 .text          0x08000200      0x3d8 GPIO_Program.o
                0x08000200                GPIO_u8PinInit
                0x08000460                GPIO_u8SetPinValue
                0x080004f0                GPIO_u8TogglePinValue
                0x08000548                GPIO_u8ReadPinValue
                0x0800059c                GPIO_voidSetPortValue
 .text          0x080005d8       0x94 STM32F446_Startup.o
                0x080005d8                Reset_Handler
                0x08000664                EXTI2_IRQHandler
                0x08000664                TIM8_CC_IRQHandler
                0x08000664                DebugMon_Handler
                0x08000664                FMPI2C1_EV_IRQHandler
                0x08000664                SPI4_IRQHandler
                0x08000664                TIM1_CC_IRQHandler
                0x08000664                DMA2_Stream5_IRQHandler
                0x08000664                HardFault_Handler
                0x08000664                DMA1_Stream5_IRQHandler
                0x08000664                SysTick_Handler
                0x08000664                PVD_IRQHandler
                0x08000664                SDIO_IRQHandler
                0x08000664                TAMP_STAMP_IRQHandler
                0x08000664                PendSV_Handler
                0x08000664                NMI_Handler
                0x08000664                CAN2_RX1_IRQHandler
                0x08000664                EXTI3_IRQHandler
                0x08000664                TIM1_UP_TIM10_IRQHandler
                0x08000664                TIM8_UP_TIM13_IRQHandler
                0x08000664                I2C3_ER_IRQHandler
                0x08000664                EXTI0_IRQHandler
                0x08000664                I2C2_EV_IRQHandler
                0x08000664                DMA1_Stream2_IRQHandler
                0x08000664                CAN1_RX0_IRQHandler
                0x08000664                FPU_IRQHandler
                0x08000664                OTG_HS_WKUP_IRQHandler
                0x08000664                UsageFault_Handler
                0x08000664                CAN2_SCE_IRQHandler
                0x08000664                DMA2_Stream2_IRQHandler
                0x08000664                SPI1_IRQHandler
                0x08000664                TIM6_DAC_IRQHandler
                0x08000664                TIM1_BRK_TIM9_IRQHandler
                0x08000664                DCMI_IRQHandler
                0x08000664                CAN2_RX0_IRQHandler
                0x08000664                DMA2_Stream3_IRQHandler
                0x08000664                SAI2_IRQHandler
                0x08000664                USART6_IRQHandler
                0x08000664                TIM1_TRG_COM_TIM11_IRQHandl
                0x08000664                USART3_IRQHandler
                0x08000664                RTC_Alarm_IRQHandler
                0x08000664                TIM8_TRG_COM_TIM14_IRQHandl
                0x08000664                CAN1_RX1_IRQHandler
                0x08000664                UART5_IRQHandler
                0x08000664                DMA2_Stream0_IRQHandler
                0x08000664                TIM4_IRQHandler
                0x08000664                QUADSPI_IRQHandler
                0x08000664                I2C1_EV_IRQHandler
                0x08000664                DMA1_Stream6_IRQHandler
                0x08000664                DMA1_Stream1_IRQHandler
                0x08000664                UART4_IRQHandler
                0x08000664                TIM3_IRQHandler
                0x08000664                RCC_IRQHandler
                0x08000664                TIM8_BRK_TIM12_IRQHandler
                0x08000664                Default_Handler
                0x08000664                CEC_IRQHandler
                0x08000664                EXTI15_10_IRQHandler
                0x08000664                ADC_IRQHandler
                0x08000664                DMA1_Stream7_IRQHandler
                0x08000664                TIM7_IRQHandler
                0x08000664                CAN2_TX_IRQHandler
                0x08000664                TIM5_IRQHandler
                0x08000664                DMA2_Stream7_IRQHandler
                0x08000664                I2C3_EV_IRQHandler
                0x08000664                EXTI9_5_IRQHandler
                0x08000664                RTC_WKUP_IRQHandler
                0x08000664                SPDIF_RX_IRQHandler
                0x08000664                SPI2_IRQHandler
                0x08000664                OTG_HS_EP1_IN_IRQHandler
                0x08000664                MemManage_Handler
                0x08000664                DMA1_Stream0_IRQHandler
                0x08000664                CAN1_TX_IRQHandler
                0x08000664                SVC_Handler
                0x08000664                FMPI2C1_ER_IRQHandler
                0x08000664                EXTI4_IRQHandler
                0x08000664                OTG_HS_EP1_OUT_IRQHandler
                0x08000664                WWDG_IRQHandler
                0x08000664                TIM2_IRQHandler
                0x08000664                OTG_FS_WKUP_IRQHandler
                0x08000664                OTG_HS_IRQHandler
                0x08000664                EXTI1_IRQHandler
                0x08000664                USART2_IRQHandler
                0x08000664                I2C2_ER_IRQHandler
                0x08000664                DMA2_Stream1_IRQHandler
                0x08000664                CAN1_SCE_IRQHandler
                0x08000664                FLASH_IRQHandler
                0x08000664                DMA2_Stream4_IRQHandler
                0x08000664                BusFault_Handler
                0x08000664                USART1_IRQHandler
                0x08000664                OTG_FS_IRQHandler
                0x08000664                SPI3_IRQHandler
                0x08000664                DMA1_Stream4_IRQHandler
                0x08000664                I2C1_ER_IRQHandler
                0x08000664                FMC_IRQHandler
                0x08000664                DMA2_Stream6_IRQHandler
                0x08000664                SAI1_IRQHandler
                0x08000664                DMA1_Stream3_IRQHandler
 *(.rodata)
                0x0800066c                . = ALIGN (0x4)
                0x0800066c                _eText = .

.glue_7         0x0800066c        0x0
 .glue_7        0x0800066c        0x0 linker stubs

.glue_7t        0x0800066c        0x0
 .glue_7t       0x0800066c        0x0 linker stubs

.vfp11_veneer   0x0800066c        0x0
 .vfp11_veneer  0x0800066c        0x0 linker stubs

.v4_bx          0x0800066c        0x0
 .v4_bx         0x0800066c        0x0 linker stubs

.iplt           0x0800066c        0x0
 .iplt          0x0800066c        0x0 main.o

.rel.dyn        0x0800066c        0x0
 .rel.iplt      0x0800066c        0x0 main.o

.data           0x20000000       0x20 load address 0x0800066c
                0x20000000                _sdata = .
 *(.data)
 .data          0x20000000        0x0 main.o
 .data          0x20000000       0x20 GPIO_Program.o
 .data          0x20000020        0x0 STM32F446_Startup.o
                0x20000020                _edata = .

.igot.plt       0x20000020        0x0 load address 0x0800068c
 .igot.plt      0x20000020        0x0 main.o

.bss            0x20000020        0x0 load address 0x0800068c
                0x20000020                _sbss = .
 *(.bss)
 .bss           0x20000020        0x0 main.o
 .bss           0x20000020        0x0 GPIO_Program.o
 .bss           0x20000020        0x0 STM32F446_Startup.o
                0x20000020                _ebss = .
OUTPUT(final.elf elf32-littlearm)
LOAD linker stubs

.comment        0x00000000       0x49
 .comment       0x00000000       0x49 main.o
                                 0x4a (size before relaxing)
 .comment       0x00000049       0x4a GPIO_Program.o
 .comment       0x00000049       0x4a STM32F446_Startup.o

.ARM.attributes
                0x00000000       0x2e
 .ARM.attributes
                0x00000000       0x2e main.o
 .ARM.attributes
                0x0000002e       0x2e GPIO_Program.o
 .ARM.attributes
                0x0000005c       0x2e STM32F446_Startup.o
